// Jest Snapshot v1, https://goo.gl/fbAQLP

exports[`Table has valid snappy 1`] = `
<div
  className="table"
>
  <div
    className="table-header"
  >
    <span
      style={
        Object {
          "width": Object {
            "width": "40%",
          },
        }
      }
    >
      <button
        className="button-inline"
        onClick={[Function]}
        type="button"
      >
        Title
      </button>
    </span>
    <span
      style={
        Object {
          "width": Object {
            "width": "30%",
          },
        }
      }
    >
      <button
        className="button-inline"
        onClick={[Function]}
        type="button"
      >
        Author
      </button>
    </span>
    <span
      style={
        Object {
          "width": Object {
            "width": "10%",
          },
        }
      }
    >
      <button
        className="button-inline"
        onClick={[Function]}
        type="button"
      >
        Comments
      </button>
    </span>
    <span
      style={
        Object {
          "width": Object {
            "width": "10%",
          },
        }
      }
    >
      <button
        className="button-inline"
        onClick={[Function]}
        type="button"
      >
        Points
      </button>
    </span>
    <span
      style={
        Object {
          "width": Object {
            "width": "10%",
          },
        }
      }
    >
      Archive
    </span>
  </div>
  <div
    className="table-row"
  >
    <span
      style={
        Object {
          "width": "40%",
        }
      }
    >
      <a
        href="https://lemonparty.org"
      >
         
        Naslov
         
      </a>
    </span>
    <span
      style={
        Object {
          "width": "30%",
        }
      }
    >
       
      SomeBloke
       
    </span>
    <span
      style={
        Object {
          "width": "10%",
        }
      }
    >
       
      3
       
    </span>
    <span
      style={
        Object {
          "width": "10%",
        }
      }
    >
       
      4
       
    </span>
    <span
      style={
        Object {
          "width": "10%",
        }
      }
    >
      <button
        className="button-inline"
        onClick={[Function]}
        type="button"
      >
        Dismiss
      </button>
    </span>
  </div>
  <div
    className="table-row"
  >
    <span
      style={
        Object {
          "width": "40%",
        }
      }
    >
      <a
        href="https://youtube.org"
      >
         
        Seheron
         
      </a>
    </span>
    <span
      style={
        Object {
          "width": "30%",
        }
      }
    >
       
      Tseries
       
    </span>
    <span
      style={
        Object {
          "width": "10%",
        }
      }
    >
       
      12
       
    </span>
    <span
      style={
        Object {
          "width": "10%",
        }
      }
    >
       
      3
       
    </span>
    <span
      style={
        Object {
          "width": "10%",
        }
      }
    >
      <button
        className="button-inline"
        onClick={[Function]}
        type="button"
      >
        Dismiss
      </button>
    </span>
  </div>
</div>
`;
